[www.wavespace.agency/about.html]
[www.wavespace.agency/startups.html]
[www.wavespace.agency/subscription.html]
[www.wavespace.agency/case-studies.html]
[www.wavespace.agency/case-studies/spacebook.html]
[www.wavespace.agency/services.html]
[www.wavespace.agency/services/ui-ux-design.html]
[www.wavespace.agency/contact.html]
[backblue.gif]
[fade.gif]
[index.html]
[cdn.prod.website-files.com/6655d16113e6966ef4eb1041/css/wavespace.shared.24e76b645.min.css]
[cdn.prod.website-files.com/6655d16113e6966ef4eb1041/css/wavespace.6655d16113e6966ef4eb1063-84faa25ee.min.css]
[ajax.googleapis.com/ajax/libs/webfont/1.6.26/webfont.js]
[cdn.prod.website-files.com/6655d16113e6966ef4eb1041/6959e2d3dc7af2cb38deed0d_favicon.png]
[cdn.prod.website-files.com/6655d16113e6966ef4eb1041/652d31f3dc22d7b4ee708e44/6914965e41f0e7416a1333cf/clarity_script-0.5.4.js]
[www.wavespace.agency/services/web-design.html]
[www.wavespace.agency/services/digital-product-design.html]
[www.wavespace.agency/services/saas-design.html]
[www.wavespace.agency/services/landing-page-design.html]
[www.wavespace.agency/services/ui-ux-consultancy.html]
[www.wavespace.agency/services/ux-audit.html]
[www.wavespace.agency/services/design-systems.html]
[www.wavespace.agency/services/webflow.html]
[www.wavespace.agency/services/mvp-development.html]
[www.wavespace.agency/blog.html]
[cdn.prod.website-files.com/6655d16113e6966ef4eb1041/69117491614a2127d2df74fb_Delve.png]
[cdn.prod.website-files.com/6655d16113e6966ef4eb1041/691174b473dc511c90e7c9ed_Kodezi.png]
[cdn.prod.website-files.com/6655d16113e6966ef4eb1041/691174c320de4e6f3f193af4_Hey Gen.png]
[cdn.prod.website-files.com/6655d16113e6966ef4eb1041/691174d447f3d5ed5bed515a_Recruitly.png]
[cdn.prod.website-files.com/6655d16113e6966ef4eb1041/691174e0ef81aa0d6528f01f_500.png]
[cdn.prod.website-files.com/6655d16113e6966ef4eb1041/691175286d97c08c8255db80_andreessen horowitz.png]
[cdn.prod.website-files.com/6655d16113e6966ef4eb1041/6911753d3124f2468bd7be81_Oppa travel.png]
[cdn.prod.website-files.com/6655d16113e6966ef4eb1041/69117550fc331a344f9629d2_Zero Essay.png]
[cdn.prod.website-files.com/6655d16113e6966ef4eb1041/6911756498048944fc69d951_Sequoia.png]
[cdn.prod.website-files.com/6655d16113e6966ef4eb1041/69117584f2dad208df3e82de_Medical Student Ai.png]
[cdn.prod.website-files.com/6655d16113e6966ef4eb1041/69563c35ba2ac641ee2d5c50_Vector (Stroke).png]
[d3e54v103j8qbb.cloudfront.net/js/jquery-3.5.1.min.dc5e7f18c8876f.js]
[cdn.prod.website-files.com/6655d16113e6966ef4eb1041/js/wavespace.cb20aac5.24b15cc6dcabd7b1.js]
[cdn.jsdelivr.net/gh/studio-freight/lenis@0.2.28/bundled/lenis.js]
[cdn.jsdelivr.net/npm/lazy-load-video@latest/dist/custom-video.js]
[www.wavespace.agency/about.html]
[cdn.schema-flow.com/script.min.js]
[cdn.prod.website-files.com/6655d16113e6966ef4eb1041/css/wavespace.692d870ff74e7078fd3fa220-9a9b407d6.min.css]
[cdn.prod.website-files.com/6655d16113e6966ef4eb1041/690dc3e1d08c91d4c5abec1a_ceo-of-wavespace.png]
[cdn.prod.website-files.com/6655d16113e6966ef4eb1041/690dc3e1a41eefcb9bb981b2_head-of-designer-wavespace.png]
[cdn.prod.website-files.com/6655d16113e6966ef4eb1041/690dc3e10e0e0f2a06bc86e8_product-designer-of-wavespace.png]
[cdn.prod.website-files.com/6655d16113e6966ef4eb1041/695b9bffd0d5f14a521ceb65_Frame 2147202956.png]
[www.wavespace.agency/startups.html]
[cdn.prod.website-files.com/6655d16113e6966ef4eb1041/js/wavespace.144f82b7.e1080ffb97b3f0f2.js]
[cdn.prod.website-files.com/6655d16113e6966ef4eb1041/css/wavespace.6655d16113e6966ef4eb1068-9c5098e4b.min.css]
[cdn.prod.website-files.com/6655d16113e6966ef4eb1041/695ba10bcc8bf539d3172ca3_Frame 1618872693.png]
[cdn.prod.website-files.com/6655d16113e6966ef4eb1041/6911c2f417f2c3c355ba639d_ux-design-for-ai-startups.png]
[cdn.prod.website-files.com/6655d16113e6966ef4eb1041/6911c38b34cd7e4e281d0dfc_wavespace-branding-agency.png]
[cdn.prod.website-files.com/6655d16113e6966ef4eb1041/682c6c018abc447a9396b7ec_Close.png]
[www.wavespace.agency/subscription.html]
[cdn.prod.website-files.com/6655d16113e6966ef4eb1041/js/wavespace.c68046bc.78d89cfd1d605f26.js]
[cdn.prod.website-files.com/6655d16113e6966ef4eb1041/css/wavespace.6655d16113e6966ef4eb1062-bd69d1c55.min.css]
[www.wavespace.agency/case-studies.html]
[cdn.prod.website-files.com/6655d16113e6966ef4eb1041/css/wavespace.6655d16113e6966ef4eb106c-16d6cdb4c.min.css]
[www.wavespace.agency/case-studies/spacebook.html]
[www.wavespace.agency/services.html]
[cdn.prod.website-files.com/6655d16113e6966ef4eb1041/css/wavespace.6655d16113e6966ef4eb1064-28e00df5f.min.css]
[cdn.prod.website-files.com/6655d16113e6966ef4eb1041/css/wavespace.66c382fd184134dc95dc9295-fdf2445ea.min.css]
[www.wavespace.agency/services/ui-ux-design.html]
[www.wavespace.agency/contact.html]
[cdn.prod.website-files.com/6655d16113e6966ef4eb1041/css/wavespace.shared.24e76b645.min.css]
[cdn.prod.website-files.com/6655d16113e6966ef4eb1041/css/wavespace.6655d16113e6966ef4eb1063-84faa25ee.min.css]
[www.wavespace.agency/services/web-design.html]
[www.wavespace.agency/services/digital-product-design.html]
[cdn.prod.website-files.com/6655d16113e6966ef4eb1041/css/wavespace.6655d16113e6966ef4eb1065-064d279c3.min.css]
[www.wavespace.agency/services/saas-design.html]
[cdn.prod.website-files.com/6655d16113e6966ef4eb1054/69118fb2745dea323f2acafa_Landing page design.png]
[cdn.prod.website-files.com/6655d16113e6966ef4eb1054/68f77269473b2bed4719cbab_Frame 21472039061.png]
[cdn.prod.website-files.com/6655d16113e6966ef4eb1054/68f62785f8cd65c6ad6e1120_image1.png]
[cdn.prod.website-files.com/6655d16113e6966ef4eb1054/68f6302df7007647cb08b1ee_image22.png]
[www.wavespace.agency/services/landing-page-design.html]
[www.wavespace.agency/services/ui-ux-consultancy.html]
[www.wavespace.agency/services/ux-audit.html]
[www.wavespace.agency/services/design-systems.html]
[www.wavespace.agency/services/webflow.html]
[www.wavespace.agency/services/mvp-development.html]
[cdn.prod.website-files.com/6655d16113e6966ef4eb1041/css/wavespace.6655d16113e6966ef4eb1067-3d2a15598.min.css]
[www.wavespace.agency/blog/user-testing-companies.html]
[www.wavespace.agency/authors/shahid-miah.html]
[www.wavespace.agency/blog/best-website-design-examples.html]
[www.wavespace.agency/blog/black-and-orange-websites.html]
[www.wavespace.agency/blog/best-saas-website-design-agency.html]
[www.wavespace.agency/blog/banking-app-ux.html]
[www.wavespace.agency/blog/enterprise-ux-design.html]
[www.wavespace.agency/blog/top-app-design-agencies-in-usa.html]
[www.wavespace.agency/blog/top-mvp-development-agencies-in-usa.html]
[www.wavespace.agency/blog/best-webflow-agencies.html]
[www.wavespace.agency/blog/ux-strategy.html]
[www.wavespace.agency/blog/top-ui-ux-design-agencies-in-usa.html]
[www.wavespace.agency/blog/best-usability-testing-consultancy-agencies.html]
[www.wavespace.agency/blog/ux-design-principles.html]
[www.wavespace.agency/blog/ux-prototyping-why-you-need-consultancy.html]
[www.wavespace.agency/blog/ux-design-examples.html]
[www.wavespace.agency/blog/benefits-of-ux-design-subscription-for-startups.html]
[www.wavespace.agency/blog/design-brief-example.html]
[cdn.prod.website-files.com/6655d16113e6966ef4eb1054/6929574ec38517c8c21df36c_the-complete-guide-to-building-a-sales-funnel-for-saas.png]
[www.wavespace.agency/blog/common-mistakes-in-ux-user-flows.html]
[www.wavespace.agency/blog/what-is-ux-ui-design.html]
[www.wavespace.agency/blog/how-a-ui-ux-design-agency-helps-startups-launch-faster.html]
[www.wavespace.agency/blog/benefits-of-hiring-usability-testing-consultancy.html]
[cdn.jsdelivr.net/npm/@finsweet/attributes-cmsfilter@1/cmsfilter.js]
[www.wavespace.agency/blog.html]
[cdn.jsdelivr.net/npm/@finsweet/attributes-cmssort@1/cmssort.js]
[cdn.prod.website-files.com/6655d16113e6966ef4eb1041/css/wavespace.692d870ff74e7078fd3fa220-9a9b407d6.min.css]
[cdn.prod.website-files.com/6655d16113e6966ef4eb1041/css/wavespace.6655d16113e6966ef4eb1068-9c5098e4b.min.css]
[cdn.prod.website-files.com/6655d16113e6966ef4eb1041/css/wavespace.6655d16113e6966ef4eb1062-bd69d1c55.min.css]
[cdn.prod.website-files.com/6655d16113e6966ef4eb1041/css/wavespace.6655d16113e6966ef4eb106c-16d6cdb4c.min.css]
[cdn.prod.website-files.com/6655d16113e6966ef4eb1041/css/wavespace.6655d16113e6966ef4eb1064-28e00df5f.min.css]
[cdn.prod.website-files.com/6655d16113e6966ef4eb1041/css/wavespace.66c382fd184134dc95dc9295-fdf2445ea.min.css]
[cdn.prod.website-files.com/6655d16113e6966ef4eb1041/css/wavespace.6655d16113e6966ef4eb1065-064d279c3.min.css]
[cdn.prod.website-files.com/6655d16113e6966ef4eb1041/css/wavespace.6655d16113e6966ef4eb1067-3d2a15598.min.css]
[cdn.prod.website-files.com/6655d16113e6966ef4eb1041/css/wavespace.6655d16113e6966ef4eb106b-7d0369163.min.css]
[www.wavespace.agency/blog-categories/webflow]
[www.wavespace.agency/blog-categories/ui-ux]
[www.wavespace.agency/blog/user-testing-companies.html]
[cdn.prod.website-files.com/6655d16113e6966ef4eb1041/css/wavespace.672c3d5acba7cf4dd34e0d72-01836a6c3.min.css]
[www.wavespace.agency/authors/shahid-miah.html]
[cdn.jsdelivr.net/npm/@finsweet/attributes-cmsload@1/cmsload.js]
[cdn.prod.website-files.com/6655d16113e6966ef4eb1054/691af8529a673bb27b967852_85f6bdeb.png]
[cdn.prod.website-files.com/6655d16113e6966ef4eb1054/691c6c72ac6919cc3dd6dd0c_best-website-design-examples-with-wavespace.png]
[cdn.prod.website-files.com/6655d16113e6966ef4eb1054/691af8529a673bb27b96784f_a7e7c68b.png]
[cdn.prod.website-files.com/6655d16113e6966ef4eb1054/691afa1d9d33baf5ec2bde31_jeton-website-design-example-wavespace.png]
[cdn.prod.website-files.com/6655d16113e6966ef4eb1054/691afa721a5067d37560672a_phamily-pharma-website-design-example-wavespace.png]
[cdn.prod.website-files.com/6655d16113e6966ef4eb1054/691afb6d7515acb73e7a9f81_osmo-supply-website-design-example-wavespace.png]
[cdn.prod.website-files.com/6655d16113e6966ef4eb1054/691af8529a673bb27b967855_1c87258b.png]
[cdn.prod.website-files.com/6655d16113e6966ef4eb1054/691afbb67522cf30146b3a98_gufram-website-design-example-wavespace.png]
[cdn.prod.website-files.com/6655d16113e6966ef4eb1054/691afc48ca1ad560c65fa441_david-langarica-website-design-example-wavespace.png]
[cdn.prod.website-files.com/6655d16113e6966ef4eb1054/691afc82dc3e815298f989e0_spinx-digital-website-design-example-wavespace.png]
[cdn.prod.website-files.com/6655d16113e6966ef4eb1054/691afcb34e44532446f767c0_foundry-website-design-example-wavespace.png]
[cdn.prod.website-files.com/6655d16113e6966ef4eb1054/691afcecc1ea4184a951c4cf_wavespace-best-website-design-example-of-real-brand.png]
[cdn.prod.website-files.com/6655d16113e6966ef4eb1054/691afd54d126605e0b410b63_awwward-website-design-example-of-wavespace.png]
[cdn.prod.website-files.com/6655d16113e6966ef4eb1054/691afd90a40ba87bacc49a71_lusion-website-design-example-of wavespace.png]
[cdn.prod.website-files.com/6655d16113e6966ef4eb1054/691afe070bf85a4231d39564_noomy-agency-website-design-example-wavespace.png]
[cdn.prod.website-files.com/6655d16113e6966ef4eb1054/691afe525dad25e536899042_clickup-website-design-example-wavespace.png]
[cdn.prod.website-files.com/6655d16113e6966ef4eb1054/691b001a0553b0797b83bcde_spotify-design-best-web-design-example-of-wavespace.png]
[cdn.prod.website-files.com/6655d16113e6966ef4eb1054/691b0072d59fa1064197c86f_b-egg-farm-website-design-example-of-wavespace.png]
[cdn.prod.website-files.com/6655d16113e6966ef4eb1054/691b00b77ac4f151c0d3cd04_apple-siri-website-design-example-of-wavespace.png]
[cdn.prod.website-files.com/6655d16113e6966ef4eb1054/691b00ffa5dfd3986c3328dd_innovative-website-design-by-wavespace.png]
[cdn.prod.website-files.com/6655d16113e6966ef4eb1054/691b0168f25ba47c165455e8_cool-website-design-by-wavespace.png]
[cdn.prod.website-files.com/6655d16113e6966ef4eb1054/691b0196705be44b08669e5b_beautiful-website-design-wavespace.png]
[cdn.prod.website-files.com/6655d16113e6966ef4eb1054/691af8529a673bb27b967858_01ae38ca.png]
[cdn.prod.website-files.com/6655d16113e6966ef4eb1054/691c6c905ef56a5aefb989da_tips-for-creative-website-design-of-wavespace.png]
[cdn.prod.website-files.com/6655d16113e6966ef4eb1054/691af8529a673bb27b96785b_349d07dd.png]
[www.wavespace.agency/blog/best-website-design-examples.html]
[www.wavespace.agency/blog/black-and-orange-websites.html]
[www.wavespace.agency/locations/ui-ux-agency-in-berlin-de.html]
[www.wavespace.agency/locations/ui-ux-agency-in-malaysia.html]
[www.wavespace.agency/blog/best-saas-website-design-agency.html]
[www.wavespace.agency/blog/banking-app-ux.html]
[www.wavespace.agency/blog/enterprise-ux-design.html]
[www.wavespace.agency/blog/top-app-design-agencies-in-usa.html]
[www.wavespace.agency/blog/top-mvp-development-agencies-in-usa.html]
[www.wavespace.agency/blog/best-webflow-agencies.html]
[www.wavespace.agency/blog/ux-strategy.html]
[www.wavespace.agency/locations/ui-ux-agency-in-riyadh.html]
[www.wavespace.agency/blog/how-a-ui-ux-design-agency-helps-startups-launch-fahttps_/www.wavespace.agency/blog/how-a-ui-ux-design-agency-helps-startups-launch-fasterster]
[www.wavespace.agency/blog/top-ui-ux-design-agencies-in-usa.html]
[www.wavespace.agency/blog/best-usability-testing-consultancy-agencies.html]
[www.wavespace.agency/blog/ux-design-principles.html]
[www.wavespace.agency/blog/ux-prototyping-why-you-need-consultancy.html]
[www.wavespace.agency/blog/ux-design-examples.html]
[www.wavespace.agency/blog/benefits-of-ux-design-subscription-for-startups.html]
[www.wavespace.agency/blog/design-brief-example.html]
[www.wavespace.agency/blog/common-mistakes-in-ux-user-flows.html]
[www.wavespace.agency/locations/ui-ux-agency-in-london.html]
[www.wavespace.agency/blog/what-is-ux-ui-design.html]
[cdn.prod.website-files.com/6655d16113e6966ef4eb1054/6902dd4d6bd7992e139c5598_image 11.png]
[cdn.prod.website-files.com/6655d16113e6966ef4eb1054/6902e07cf8453d8f6be90934_02b788e3.png]
[cdn.prod.website-files.com/6655d16113e6966ef4eb1054/6902dec3439e25e4b9a22cd3_image 1016.png]
[cdn.prod.website-files.com/6655d16113e6966ef4eb1054/6902e16bc1332a2b64ae7e99_image 1018.png]
[cdn.prod.website-files.com/6655d16113e6966ef4eb1054/6902e1b48c9d7c58920cd546_image 1020.png]
[cdn.prod.website-files.com/6655d16113e6966ef4eb1054/6902e1c57724fbacbcf9adcb_image 1019.png]
[cdn.prod.website-files.com/6655d16113e6966ef4eb1054/6902e20b8ec842e33373862a_image 1019.png]
[cdn.prod.website-files.com/6655d16113e6966ef4eb1054/6902e245ab5c5e0b110264b0_image 1029.png]
[cdn.prod.website-files.com/6655d16113e6966ef4eb1054/6902e45c9d790ab98c5eb2ae_Read the case studies or blog.png]
[cdn.prod.website-files.com/6655d16113e6966ef4eb1054/6902e4b75833bc15d6caf0b8_image 1030.png]
[cdn.prod.website-files.com/6655d16113e6966ef4eb1054/6902e57942c7a3d3de328119_Exceptional for different service section.png]
[cdn.prod.website-files.com/6655d16113e6966ef4eb1054/6902e5bce2f650b098214fb1_image 1031.png]
[www.wavespace.agency/blog/how-a-ui-ux-design-agency-helps-startups-launch-faster.html]
[www.wavespace.agency/blog/benefits-of-hiring-usability-testing-consultancy.html]
[www.wavespace.agency/services/brand-identity-design.html]
[www.wavespace.agency/services/mobile-app-design.html]
[www.wavespace.agency/services/ux-research.html]
[www.wavespace.agency/services/conversion-rate-cro.html]
[cdn.prod.website-files.com/6655d16113e6966ef4eb1041/css/wavespace.6655d16113e6966ef4eb106b-7d0369163.min.css]
[www.wavespace.agency/blog-categories/webflow.html]
[www.wavespace.agency/blog-categories/ui-ux.html]
[cdn.prod.website-files.com/6655d16113e6966ef4eb1041/css/wavespace.672c3d5acba7cf4dd34e0d72-01836a6c3.min.css]
[cdn.prod.website-files.com/6655d16113e6966ef4eb1041/css/wavespace.680dc405afee771ed33e7d62-8f64e1e88.min.css]
[cdn.prod.website-files.com/6655d16113e6966ef4eb1054/68cd7c78e3d7d6153e0e7ac6_key industries Website-3.png]
[www.wavespace.agency/locations/ui-ux-agency-in-berlin-de.html]
[cdn.prod.website-files.com/6655d16113e6966ef4eb1054/696dcd33b17d403ca59cc638_mobile-app-design-agency-malaysia.png]
[cdn.prod.website-files.com/6655d16113e6966ef4eb1054/696dcd62fec78cc81123935c_e-commerce-ui-ux-design-agency-malaysia.png]
[cdn.prod.website-files.com/6655d16113e6966ef4eb1054/696dcd8327907e641646541e_saas-dashboard-agency-malaysia.png]
[cdn.prod.website-files.com/6655d16113e6966ef4eb1054/696dce1b9211d9954a6c53eb_imagevfcv.png]
[cdn.prod.website-files.com/6655d16113e6966ef4eb1054/696dcf4bb42b7327eec787ff_ux-research-usability-testing-design-agency-malaysia.png]
[cdn.prod.website-files.com/6655d16113e6966ef4eb1054/696dcf76272f40fdb636be0b_webflow-design-development-agency-malaysia.png]
[cdn.prod.website-files.com/6655d16113e6966ef4eb1054/696dcfa882369d012dcb6039_design-systems-sevices-malaysia.png]
[cdn.prod.website-files.com/6655d16113e6966ef4eb1054/696f322a4946d06e7783f363_user-research-icon-by-wavespace.png]
[cdn.prod.website-files.com/6655d16113e6966ef4eb1054/69704d2bab79b48f0e990d32_wallet-logo-by-wacespace.png]
[cdn.prod.website-files.com/6655d16113e6966ef4eb1054/696f32fb0949a612c4d3ad42_visual-design-icon-by-wavespace.png]
[cdn.prod.website-files.com/6655d16113e6966ef4eb1054/696f33f90803584afe498050_design-systems icon-by-wavespace.png]
[cdn.prod.website-files.com/6655d16113e6966ef4eb1054/69704dcf3d9960f8b2f65607_pdpa-icon-by-wavespace.png]
[cdn.prod.website-files.com/6655d16113e6966ef4eb1054/69704e022fb9f0993e358b6d_relevance-icon-by-wavespace.png]
[www.wavespace.agency/locations/ui-ux-agency-in-malaysia.html]
[cdn.prod.website-files.com/6655d16113e6966ef4eb1054/696f2fffd3a65f3763e5cf00_website-ui-ux-design-agency-riyadh.png]
[cdn.prod.website-files.com/6655d16113e6966ef4eb1054/696f30f03bea29939f8d8c71_mobile-app-design-agency-saudi-arabia.png]
[cdn.prod.website-files.com/6655d16113e6966ef4eb1054/696f31516cfc46b7df88cf71_ux-ui-consulting-company-riyadh-saudi-arabia.png]
[cdn.prod.website-files.com/6655d16113e6966ef4eb1054/69312112600f4b4583195db1_shape-2-line.png]
[cdn.prod.website-files.com/6655d16113e6966ef4eb1054/696f335b59c32a202dbdea54_interaction-icon-by-wavespace.png]
[cdn.prod.website-files.com/6655d16113e6966ef4eb1054/696f339ffea67da1526bc79c_accessibility-icon-by-wavespace.png]
[www.wavespace.agency/locations/ui-ux-agency-in-riyadh.html]
[www.wavespace.agency/blog/how-a-ui-ux-design-agency-helps-startups-launch-fahttps_/www.wavespace.agency/blog/how-a-ui-ux-design-agency-helps-startups-launch-fasterster.html]
[www.wavespace.agency/locations/ui-ux-agency-in-london.html]
[www.wavespace.agency/case-studies/open-hub.html]
[www.wavespace.agency/case-studies/better-ai.html]
[www.wavespace.agency/case-studies/kodezi.html]
[www.wavespace.agency/_https_/cdn.prod.website-files.com/65aa3cf1bef7f4d5934c6660/65f9b4e827ac29ebbf9e8b98_Flat Monthly Fee Animation-poster-00001.html]
[www.wavespace.agency/_https_/cdn.prod.website-files.com/65aa3cf1bef7f4d5934c6660/65f9b6b5ebacade6f2e14b86_Fast Turnaround Animation-poster-00001.html]
[www.wavespace.agency/_https_/cdn.prod.website-files.com/65aa3cf1bef7f4d5934c6660/65f9b6ea7c6b5340be1e55ee_Unlimited Revisions-poster-00001.html]
[www.wavespace.agency/_https_/cdn.prod.website-files.com/65aa3cf1bef7f4d5934c6660/65f9b7b73dd8b9abdadac583_Full Design Service-poster-00001.html]
[www.wavespace.agency/_https_/cdn.prod.website-files.com/65aa3cf1bef7f4d5934c6660/65f9b80e337e4f088081b594_No Contracts,  No Headaches-poster-00001.html]
[www.wavespace.agency/case-studies/quicky.html]
[www.wavespace.agency/case-studies/solon-network.html]
[www.wavespace.agency/case-studies/tournated.html]
[www.wavespace.agency/case-studies/off-white.html]
[www.wavespace.agency/case-studies/hoolis.html]
[www.wavespace.agency/case-studies/rss.html]
[www.wavespace.agency/services/_https_/cdn.prod.website-files.com/6655d16113e6966ef4eb1054/6825b6ed973ad0c5c8a90cad_CAT.html]
[www.wavespace.agency/services/_https_/cdn.prod.website-files.com/6655d16113e6966ef4eb1054/6829d098df908935fa558750_CAT.html]
[www.wavespace.agency/services/_https_/cdn.prod.website-files.com/6655d16113e6966ef4eb1054/68f6319b35d72cece9f22ee3_CTA.html]
[www.wavespace.agency/services/_https_/cdn.prod.website-files.com/6655d16113e6966ef4eb1054/682984597137e68337918c9a_CAT.html]
[www.wavespace.agency/blog/erp-design.html]
[cdn.prod.website-files.com/6655d16113e6966ef4eb1041/css/wavespace.680dc405afee771ed33e7d62-8f64e1e88.min.css]
[www.wavespace.agency/blog/sales-funnel-for-saas.html]
[www.wavespace.agency/blog/muted-colors.html]
[www.wavespace.agency/blog/ui-ux-designer-vs-ux-ui-developer.html]
[www.wavespace.agency/blog/rss.html]
[www.wavespace.agency/blog-categories/branding.html]
[www.wavespace.agency/blog-categories/web-design.html]
[www.wavespace.agency/blog-categories/mobile-app.html]
[www.wavespace.agency/blog-categories/mvp.html]
[www.wavespace.agency/blog-categories/saas.html]
[www.wavespace.agency/locations/ui-ux-agency-in-doha-qa.html]
[www.wavespace.agency/locations/ux-ui-design-in-italy.html]
[www.wavespace.agency/locations/_https_/cdn.prod.website-files.com/6655d16113e6966ef4eb1054/6930316005bc936583872b82_Wavespace UX Design Agency, Berlin, Germany.html]
[www.wavespace.agency/locations/_https_/cdn.prod.website-files.com/6655d16113e6966ef4eb1054/68cd7e28b77de41103c35d7f_CTA GMB.html]
[www.wavespace.agency/locations/_https_/cdn.prod.website-files.com/6655d16113e6966ef4eb1054/693028b4ed75010056229cfe_UX agency Kuala Lumpur, MY.html]
[www.wavespace.agency/locations/_https_/cdn.prod.website-files.com/6655d16113e6966ef4eb1054/68a8abc1a63f846a11833690_CTA GMB.html]
[www.wavespace.agency/locations/_https_/cdn.prod.website-files.com/6655d16113e6966ef4eb1054/6930211c7d12a6d6ef0c4792_UXUI Design Agency and Consulting Company in Riyadh, SA.html]
[www.wavespace.agency/locations/_https_/cdn.prod.website-files.com/6655d16113e6966ef4eb1054/695ca233c83a462d329ac68f_CTA GMB.html]
[www.wavespace.agency/locations/_https_/cdn.prod.website-files.com/6655d16113e6966ef4eb1054/6930299fde4cddbfdbf8a99f_UX agency London, UK.html]
[www.wavespace.agency/locations/_https_/cdn.prod.website-files.com/6655d16113e6966ef4eb1054/68a969231b0531d012af239f_CTA GMB.html]
